// Jest Snapshot v1, https://goo.gl/fbAQLP

exports[`renders Button unchanged 1`] = `
<button
  class="MuiButton-root MuiButton-text MuiButton-textPrimary MuiButton-sizeMedium MuiButton-textSizeMedium MuiButtonBase-root css-s1n7pn-MuiButtonBase-root-MuiButton-root"
  tabindex="0"
  type="button"
>
  <span
    class="MuiTouchRipple-root css-8je8zh-MuiTouchRipple-root"
  />
</button>
`;
